// Jest Snapshot v1, https://goo.gl/fbAQLP

exports[`collect imports should collect imports for test lib 1`] = `
"///////////////////////////////////
//FILE IS AUTOGENERATED. DON'T EDIT
///////////////////////////////////
export const importsByNewPackage = {
  \\"@sui/lib-test\\": [
    \\"libTest\\"
  ]
};"
`;
